Loading datasets/rice.csv
  3810 samples, 7 features, classes: ['Cammeo', 'Osmancik']

--- Random Forest sweep ---
  Stopping criteria: max_depth=5, min_size=2, min_gain=0
  ntree=1   ... Acc=0.9171 +/- 0.0198  F1=0.9153 +/- 0.0198
  ntree=5   ... Acc=0.9257 +/- 0.0137  F1=0.9240 +/- 0.0140
  ntree=10  ... Acc=0.9262 +/- 0.0121  F1=0.9245 +/- 0.0123
  ntree=20  ... Acc=0.9255 +/- 0.0139  F1=0.9237 +/- 0.0142
  ntree=30  ... Acc=0.9265 +/- 0.0135  F1=0.9248 +/- 0.0137
  ntree=40  ... Acc=0.9283 +/- 0.0152  F1=0.9267 +/- 0.0154
  ntree=50  ... Acc=0.9260 +/- 0.0147  F1=0.9243 +/- 0.0150

--- k-NN sweep (normalized) ---
  k=1   ... Acc=0.8866 +/- 0.0153  F1=0.8843 +/- 0.0155
  k=3   ... Acc=0.9123 +/- 0.0132  F1=0.9104 +/- 0.0133
  k=5   ... Acc=0.9199 +/- 0.0161  F1=0.9182 +/- 0.0163
  k=7   ... Acc=0.9215 +/- 0.0184  F1=0.9198 +/- 0.0187
  k=9   ... Acc=0.9236 +/- 0.0158  F1=0.9219 +/- 0.0160
  k=11  ... Acc=0.9241 +/- 0.0163  F1=0.9225 +/- 0.0165
  k=15  ... Acc=0.9239 +/- 0.0146  F1=0.9221 +/- 0.0148
  k=21  ... Acc=0.9270 +/- 0.0169  F1=0.9254 +/- 0.0172
  k=31  ... Acc=0.9281 +/- 0.0167  F1=0.9264 +/- 0.0170
  k=51  ... Acc=0.9289 +/- 0.0176  F1=0.9273 +/- 0.0180

--- k-NN sweep (raw) ---
  k=1   ... Acc=0.8682 +/- 0.0201  F1=0.8653 +/- 0.0205
  k=3   ... Acc=0.8890 +/- 0.0121  F1=0.8860 +/- 0.0123
  k=5   ... Acc=0.8856 +/- 0.0140  F1=0.8824 +/- 0.0141
  k=7   ... Acc=0.8832 +/- 0.0156  F1=0.8798 +/- 0.0156
  k=9   ... Acc=0.8824 +/- 0.0156  F1=0.8788 +/- 0.0157
  k=11  ... Acc=0.8816 +/- 0.0140  F1=0.8779 +/- 0.0145
  k=15  ... Acc=0.8824 +/- 0.0130  F1=0.8785 +/- 0.0135
  k=21  ... Acc=0.8835 +/- 0.0189  F1=0.8796 +/- 0.0197
  k=31  ... Acc=0.8840 +/- 0.0172  F1=0.8798 +/- 0.0180
  k=51  ... Acc=0.8835 +/- 0.0171  F1=0.8793 +/- 0.0177

Wrote summary to figures/comparison_summary.txt
Wrote comparison plot to figures/comparison_rf_vs_knn.pdf
