
--- Starting k-NN Experiment ---

Dataset: Dataset 1.3 (Rice)  (datasets/rice.csv)
Stratified 10-fold CV, sweeping k = [1, 3, 5, 7, 9, 11, 15, 21, 31, 51]

--- With Min-Max Normalization ---
  k=  1  Acc=0.8866+/-0.0153  Prec=0.8848+/-0.0162  Rec=0.8851+/-0.0157  F1=0.8843+/-0.0155
  k=  3  Acc=0.9123+/-0.0132  Prec=0.9112+/-0.0141  Rec=0.9102+/-0.0127  F1=0.9104+/-0.0133
  k=  5  Acc=0.9199+/-0.0161  Prec=0.9192+/-0.0174  Rec=0.9178+/-0.0155  F1=0.9182+/-0.0163
  k=  7  Acc=0.9215+/-0.0184  Prec=0.9207+/-0.0196  Rec=0.9193+/-0.0179  F1=0.9198+/-0.0187
  k=  9  Acc=0.9236+/-0.0158  Prec=0.9228+/-0.0172  Rec=0.9216+/-0.0151  F1=0.9219+/-0.0160
  k= 11  Acc=0.9241+/-0.0163  Prec=0.9231+/-0.0176  Rec=0.9224+/-0.0155  F1=0.9225+/-0.0165
  k= 15  Acc=0.9239+/-0.0146  Prec=0.9234+/-0.0158  Rec=0.9214+/-0.0142  F1=0.9221+/-0.0148
  k= 21  Acc=0.9270+/-0.0169  Prec=0.9263+/-0.0177  Rec=0.9248+/-0.0168  F1=0.9254+/-0.0172
  k= 31  Acc=0.9281+/-0.0167  Prec=0.9275+/-0.0173  Rec=0.9258+/-0.0168  F1=0.9264+/-0.0170
  k= 51  Acc=0.9289+/-0.0176  Prec=0.9282+/-0.0182  Rec=0.9268+/-0.0179  F1=0.9273+/-0.0180

--- Without Normalization (raw features) ---
  k=  1  Acc=0.8682+/-0.0201  F1=0.8653+/-0.0205
  k=  3  Acc=0.8890+/-0.0121  F1=0.8860+/-0.0123
  k=  5  Acc=0.8856+/-0.0140  F1=0.8824+/-0.0141
  k=  7  Acc=0.8832+/-0.0156  F1=0.8798+/-0.0156
  k=  9  Acc=0.8824+/-0.0156  F1=0.8788+/-0.0157
  k= 11  Acc=0.8816+/-0.0140  F1=0.8779+/-0.0145
  k= 15  Acc=0.8824+/-0.0130  F1=0.8785+/-0.0135
  k= 21  Acc=0.8835+/-0.0189  F1=0.8796+/-0.0197
  k= 31  Acc=0.8840+/-0.0172  F1=0.8798+/-0.0180
  k= 51  Acc=0.8835+/-0.0171  F1=0.8793+/-0.0177

--- k-NN Experiment Complete ---
