Loading datasets/digits.csv
  1797 samples, 64 features, classes: ['0', '1', '2', '3', '4', '5', '6', '7', '8', '9']

--- Random Forest sweep ---
  Stopping criteria: max_depth=10, min_size=2, min_gain=0
  ntree=1   ... Acc=0.7963 +/- 0.0323  F1=0.7953 +/- 0.0326
  ntree=5   ... Acc=0.9232 +/- 0.0173  F1=0.9232 +/- 0.0174
  ntree=10  ... Acc=0.9616 +/- 0.0099  F1=0.9616 +/- 0.0099
  ntree=20  ... Acc=0.9655 +/- 0.0063  F1=0.9654 +/- 0.0064
  ntree=30  ... Acc=0.9672 +/- 0.0105  F1=0.9672 +/- 0.0103
  ntree=40  ... Acc=0.9688 +/- 0.0090  F1=0.9687 +/- 0.0090
  ntree=50  ... Acc=0.9739 +/- 0.0083  F1=0.9738 +/- 0.0082

--- k-NN sweep (normalized) ---
  k=1   ... Acc=0.9872 +/- 0.0080  F1=0.9871 +/- 0.0080
  k=3   ... Acc=0.9883 +/- 0.0102  F1=0.9883 +/- 0.0102
  k=5   ... Acc=0.9883 +/- 0.0089  F1=0.9882 +/- 0.0089
  k=7   ... Acc=0.9849 +/- 0.0094  F1=0.9848 +/- 0.0096
  k=9   ... Acc=0.9816 +/- 0.0115  F1=0.9814 +/- 0.0117
  k=11  ... Acc=0.9822 +/- 0.0106  F1=0.9820 +/- 0.0107
  k=15  ... Acc=0.9799 +/- 0.0088  F1=0.9797 +/- 0.0089
  k=21  ... Acc=0.9755 +/- 0.0107  F1=0.9752 +/- 0.0109
  k=31  ... Acc=0.9676 +/- 0.0105  F1=0.9674 +/- 0.0107
  k=51  ... Acc=0.9560 +/- 0.0137  F1=0.9557 +/- 0.0139

--- k-NN sweep (raw) ---
  k=1   ... Acc=0.9883 +/- 0.0078  F1=0.9882 +/- 0.0078
  k=3   ... Acc=0.9888 +/- 0.0094  F1=0.9888 +/- 0.0094
  k=5   ... Acc=0.9877 +/- 0.0093  F1=0.9877 +/- 0.0094
  k=7   ... Acc=0.9855 +/- 0.0084  F1=0.9854 +/- 0.0086
  k=9   ... Acc=0.9833 +/- 0.0094  F1=0.9830 +/- 0.0095
  k=11  ... Acc=0.9839 +/- 0.0081  F1=0.9837 +/- 0.0082
  k=15  ... Acc=0.9805 +/- 0.0072  F1=0.9803 +/- 0.0073
  k=21  ... Acc=0.9760 +/- 0.0106  F1=0.9758 +/- 0.0108
  k=31  ... Acc=0.9671 +/- 0.0110  F1=0.9668 +/- 0.0112
  k=51  ... Acc=0.9565 +/- 0.0129  F1=0.9562 +/- 0.0131

Wrote summary to figures/digits_comparison_summary.txt
Wrote comparison plot to figures/digits_comparison_rf_vs_knn.pdf
